// Jest Snapshot v1, https://goo.gl/fbAQLP

exports[`renders the game 1`] = `"<div class=\\"mainContainer\\"><div class=\\"board\\" style=\\"transform: scale(1);\\"><div><div data-value=\\"0\\" data-x=\\"-1\\" data-y=\\"0\\" data-z=\\"1\\" class=\\"cell\\"><div class=\\"inner value--0\\"></div></div><div data-value=\\"0\\" data-x=\\"-1\\" data-y=\\"1\\" data-z=\\"0\\" class=\\"cell\\"><div class=\\"inner value--0\\"></div></div><div data-value=\\"0\\" data-x=\\"0\\" data-y=\\"-1\\" data-z=\\"1\\" class=\\"cell\\"><div class=\\"inner value--0\\"></div></div><div data-value=\\"0\\" data-x=\\"0\\" data-y=\\"0\\" data-z=\\"0\\" class=\\"cell\\"><div class=\\"inner value--0\\"></div></div><div data-value=\\"0\\" data-x=\\"0\\" data-y=\\"1\\" data-z=\\"-1\\" class=\\"cell\\"><div class=\\"inner value--0\\"></div></div><div data-value=\\"0\\" data-x=\\"1\\" data-y=\\"-1\\" data-z=\\"0\\" class=\\"cell\\"><div class=\\"inner value--0\\"></div></div><div data-value=\\"0\\" data-x=\\"1\\" data-y=\\"0\\" data-z=\\"-1\\" class=\\"cell\\"><div class=\\"inner value--0\\"></div></div></div></div><div data-status=\\"playing\\">Game status: playing</div></div>"`;

exports[`renders the game 2`] = `"<div class=\\"mainContainer\\"><div class=\\"board\\" style=\\"transform: scale(1);\\"><div><div data-value=\\"0\\" data-x=\\"-1\\" data-y=\\"0\\" data-z=\\"1\\" class=\\"cell\\"><div class=\\"inner value--0\\"></div></div><div data-value=\\"0\\" data-x=\\"-1\\" data-y=\\"1\\" data-z=\\"0\\" class=\\"cell\\"><div class=\\"inner value--0\\"></div></div><div data-value=\\"0\\" data-x=\\"0\\" data-y=\\"-1\\" data-z=\\"1\\" class=\\"cell\\"><div class=\\"inner value--0\\"></div></div><div data-value=\\"0\\" data-x=\\"0\\" data-y=\\"0\\" data-z=\\"0\\" class=\\"cell\\"><div class=\\"inner value--0\\"></div></div><div data-value=\\"128\\" data-x=\\"0\\" data-y=\\"1\\" data-z=\\"-1\\" class=\\"cell\\"><div class=\\"inner value--128\\">128</div></div><div data-value=\\"0\\" data-x=\\"1\\" data-y=\\"-1\\" data-z=\\"0\\" class=\\"cell\\"><div class=\\"inner value--0\\"></div></div><div data-value=\\"0\\" data-x=\\"1\\" data-y=\\"0\\" data-z=\\"-1\\" class=\\"cell\\"><div class=\\"inner value--0\\"></div></div></div></div><div data-status=\\"playing\\">Game status: playing</div></div>"`;
